START Wed Jun 17 03:03:22 IST 2026
[setup] device=cuda root=. folds=5 epochs=70 base=32 repeat=2
[data] train=624 test=240 volumes=26
[data] mean=[0.20200000703334808, 0.20100000500679016, 0.02500000037252903] std=[0.23399999737739563, 0.2329999953508377, 0.050999999046325684]
[data] class weights = [0.30000001192092896, 0.41999998688697815, 0.8500000238418579, 0.6899999976158142, 1.8700000047683716, 0.7300000190734863, 3.059999942779541, 0.75, 0.5099999904632568]
  [rep0 fold0] training on 480 imgs...
  [rep0 fold0] best val final = 0.5392  (101s)
  [save] provisional submission after 1 models
  [rep0 fold1] training on 504 imgs...
  [rep0 fold1] best val final = 0.5144  (98s)
  [save] provisional submission after 2 models
  [rep0 fold2] training on 504 imgs...
  [rep0 fold2] best val final = 0.5610  (101s)
  [save] provisional submission after 3 models
  [rep0 fold3] training on 504 imgs...
  [rep0 fold3] best val final = 0.5326  (103s)
  [save] provisional submission after 4 models
  [rep0 fold4] training on 504 imgs...
  [rep0 fold4] best val final = 0.5283  (104s)
  [save] provisional submission after 5 models
  [rep1 fold0] training on 480 imgs...
  [rep1 fold0] best val final = 0.5421  (108s)
  [save] provisional submission after 6 models
  [rep1 fold1] training on 504 imgs...
  [rep1 fold1] best val final = 0.5151  (104s)
  [save] provisional submission after 7 models
  [rep1 fold2] training on 504 imgs...
  [rep1 fold2] best val final = 0.5570  (105s)
  [save] provisional submission after 8 models
  [rep1 fold3] training on 504 imgs...
  [rep1 fold3] best val final = 0.5599  (105s)
  [save] provisional submission after 9 models
  [rep1 fold4] training on 504 imgs...
  [rep1 fold4] best val final = 0.5111  (105s)
  [save] provisional submission after 10 models
  [tune] bias = [-0.25, -0.25, -0.5, 0.0, 0.0, 0.0, -0.25, -0.25]
  [tune] OOF final 0.5545 -> 0.5567
[OOF] final=0.5567  quality=0.7461  mean_class_dice=0.8355  mean_case_class_dice=0.7415  boundary_f1=0.4960  area_score=0.9696
[done] wrote submission with 240 rows in 1247s
[check] submission OK
END Wed Jun 17 03:24:13 IST 2026 exit=0
